application.c:23:6:turnMainRedLed	8	static
application.c:27:6:turnMainYellowLed	8	static
application.c:31:6:turnMainGreenLed	8	static
application.c:36:6:turnSideRedLed	8	static
application.c:40:6:turnSideYellowLed	8	static
application.c:44:6:turnSideGreenLed	8	static
application.c:49:6:fsm_for_traffic	8	static
application.c:98:6:fsm_for_mode	8	static
application.c:122:6:resetTrafficLed	8	static
application.c:130:6:changeModeState	8	static
application.c:138:6:validateCounterValue	16	static
application.c:147:6:changeCounterValue	16	static
