main.c:62:6:Led1Test	8	static
main.c:65:6:Led2Test	8	static
main.c:68:6:Led3Test	8	static
main.c:71:6:Led4Test	8	static
main.c:74:6:Led5Test	8	static
main.c:93:6:SCH_Update	16	static
main.c:104:6:SCH_Add_Task	24	static
main.c:118:6:SCH_Dispatch_Tasks	16	static
main.c:127:6:SCH_Delete_Task	16	static
main.c:134:6:SCH_Init	16	static
main.c:148:5:main	8	static
main.c:201:6:SystemClock_Config	72	static
main.c:237:13:MX_TIM2_Init	32	static
main.c:282:13:MX_GPIO_Init	32	static
main.c:310:6:HAL_TIM_PeriodElapsedCallback	16	static
main.c:324:6:Error_Handler	4	static,ignoring_inline_asm
